<html>
<body>
<pre>
<h1>µVision Build Log</h1>
<h2>Tool Versions:</h2>
IDE-Version: µVision V5.21.1.0
Copyright (C) 2016 ARM Ltd and ARM Germany GmbH. All rights reserved.
License Information: Doug Ressler, U. of Utah, Electrical & Computer Engineering, LIC=----
 
Tool Versions:
Toolchain:       MDK-Lite  Version: 5.21a
Toolchain Path:  C:\Keil_v5\ARM\ARMCC\Bin
C Compiler:      Armcc.exe V5.06 update 3 (build 300)
Assembler:       Armasm.exe V5.06 update 3 (build 300)
Linker/Locator:  ArmLink.exe V5.06 update 3 (build 300)
Library Manager: ArmAr.exe V5.06 update 3 (build 300)
Hex Converter:   FromElf.exe V5.06 update 3 (build 300)
CPU DLL:         SARMCM3.DLL V5.21a
Dialog DLL:      DARMCM1.DLL V1.14.0.0
Target DLL:      STLink\ST-LINKIII-KEIL_SWO.dll V2.0.18.0
Dialog DLL:      TARMCM1.DLL V1.10.0.0
 
<h2>Project:</h2>
X:\Documents\Github\Lab6_Analog\Lab6_Analog\MDK-ARM\Lab6_Analog.uvprojx
Project File Date:  03/20/2020

<h2>Output:</h2>
*** Using Compiler 'V5.06 update 3 (build 300)', folder: 'C:\Keil_v5\ARM\ARMCC\Bin'
Build target 'Lab6_Analog'
compiling main.c...
../Src/main.c(114): warning:  #61-D: integer operation result is out of range
  	
DC1->CR |= (1 << 31); //start self-calibration, pg 257
../Src/main.c(114): warning:  #68-D: integer conversion resulted in a change of sign
  	
DC1->CR |= (1 << 31); //start self-calibration, pg 257
../Src/main.c(116): warning:  #61-D: integer operation result is out of range
  	while (
DC1->CR & (1 << 31)); //do nothing
../Src/main.c(116): warning:  #68-D: integer conversion resulted in a change of sign
  	while (
DC1->CR & (1 << 31)); //do nothing
../Src/main.c(154): warning:  #177-D: variable "sine_table" was declared but never referenced
  	const uint8_t sine_table[32] = {127,151,175,197,216,232,244,251,254,251,244,
../Src/main.c(160): warning:  #177-D: variable "sawtooth_table" was declared but never referenced
  	const uint8_t sawtooth_table[32] = {0,7,15,23,31,39,47,55,63,71,79,87,95,103,
../Src/main.c(163): warning:  #177-D: variable "square_table" was declared but never referenced
  	const uint8_t square_table[32] = {254,254,254,254,254,254,254,254,254,254,
../Src/main.c: 7 warnings, 0 errors
linking...
Program Size: Code=3056 RO-data=300 RW-data=8 ZI-data=1024  
"Lab6_Analog\Lab6_Analog.axf" - 0 Error(s), 7 Warning(s).

<h2>Software Packages used:</h2>

Package Vendor: ARM
                http://www.keil.com/pack/ARM.CMSIS.4.5.0.pack
                ARM::CMSIS:CORE:4.3.0
                CMSIS (Cortex Microcontroller Software Interface Standard)
   * Component: CORE Version: 4.3.0

<h2>Collection of Component include folders:</h2>
  X:\Documents\Github\Lab6_Analog\Lab6_Analog\MDK-ARM\RTE
  C:\Keil_v5\ARM\PACK\ARM\CMSIS\4.5.0\CMSIS\Include
  C:\Keil_v5\ARM\PACK\Keil\STM32F0xx_DFP\2.0.0\Drivers\CMSIS\Device\ST\STM32F0xx\Include

<h2>Collection of Component Files used:</h2>

   * Component: ARM::CMSIS:CORE:4.3.0
Build Time Elapsed:  00:00:03
</pre>
</body>
</html>
